Archive member included to satisfy reference by file (symbol)

c:/program files (x86)/atmel/studio/7.0/toolchain/arm/arm-gnu-toolchain/bin/../lib/gcc/arm-none-eabi/6.3.1/thumb/v7-m\libgcc.a(_arm_addsubdf3.o)
                              pid/pid.o (__aeabi_dadd)
c:/program files (x86)/atmel/studio/7.0/toolchain/arm/arm-gnu-toolchain/bin/../lib/gcc/arm-none-eabi/6.3.1/thumb/v7-m\libgcc.a(_arm_muldivdf3.o)
                              pid/pid.o (__aeabi_dmul)
c:/program files (x86)/atmel/studio/7.0/toolchain/arm/arm-gnu-toolchain/bin/../lib/gcc/arm-none-eabi/6.3.1/thumb/v7-m\libgcc.a(_arm_fixdfsi.o)
                              pid/pid.o (__aeabi_d2iz)
c:/program files (x86)/atmel/studio/7.0/toolchain/arm/arm-gnu-toolchain/bin/../lib/gcc/arm-none-eabi/6.3.1/../../../../arm-none-eabi/lib/thumb/v7-m\libc.a(lib_a-exit.o)
                              c:/program files (x86)/atmel/studio/7.0/toolchain/arm/arm-gnu-toolchain/bin/../lib/gcc/arm-none-eabi/6.3.1/../../../../arm-none-eabi/lib/thumb/v7-m/crt0.o (exit)
c:/program files (x86)/atmel/studio/7.0/toolchain/arm/arm-gnu-toolchain/bin/../lib/gcc/arm-none-eabi/6.3.1/../../../../arm-none-eabi/lib/thumb/v7-m\libc.a(lib_a-impure.o)
                              c:/program files (x86)/atmel/studio/7.0/toolchain/arm/arm-gnu-toolchain/bin/../lib/gcc/arm-none-eabi/6.3.1/../../../../arm-none-eabi/lib/thumb/v7-m\libc.a(lib_a-exit.o) (_global_impure_ptr)
c:/program files (x86)/atmel/studio/7.0/toolchain/arm/arm-gnu-toolchain/bin/../lib/gcc/arm-none-eabi/6.3.1/../../../../arm-none-eabi/lib/thumb/v7-m\libc.a(lib_a-init.o)
                              c:/program files (x86)/atmel/studio/7.0/toolchain/arm/arm-gnu-toolchain/bin/../lib/gcc/arm-none-eabi/6.3.1/../../../../arm-none-eabi/lib/thumb/v7-m/crt0.o (__libc_init_array)
c:/program files (x86)/atmel/studio/7.0/toolchain/arm/arm-gnu-toolchain/bin/../lib/gcc/arm-none-eabi/6.3.1/../../../../arm-none-eabi/lib/thumb/v7-m\libc.a(lib_a-memset.o)
                              c:/program files (x86)/atmel/studio/7.0/toolchain/arm/arm-gnu-toolchain/bin/../lib/gcc/arm-none-eabi/6.3.1/../../../../arm-none-eabi/lib/thumb/v7-m/crt0.o (memset)
c:/program files (x86)/atmel/studio/7.0/toolchain/arm/arm-gnu-toolchain/bin/../lib/gcc/arm-none-eabi/6.3.1/../../../../arm-none-eabi/lib/thumb/v7-m\libc.a(lib_a-__call_atexit.o)
                              c:/program files (x86)/atmel/studio/7.0/toolchain/arm/arm-gnu-toolchain/bin/../lib/gcc/arm-none-eabi/6.3.1/../../../../arm-none-eabi/lib/thumb/v7-m\libc.a(lib_a-exit.o) (__call_exitprocs)
c:/program files (x86)/atmel/studio/7.0/toolchain/arm/arm-gnu-toolchain/bin/../lib/gcc/arm-none-eabi/6.3.1/../../../../arm-none-eabi/lib/thumb/v7-m\libc.a(lib_a-atexit.o)
                              c:/program files (x86)/atmel/studio/7.0/toolchain/arm/arm-gnu-toolchain/bin/../lib/gcc/arm-none-eabi/6.3.1/../../../../arm-none-eabi/lib/thumb/v7-m\libc.a(lib_a-__call_atexit.o) (atexit)
c:/program files (x86)/atmel/studio/7.0/toolchain/arm/arm-gnu-toolchain/bin/../lib/gcc/arm-none-eabi/6.3.1/../../../../arm-none-eabi/lib/thumb/v7-m\libc.a(lib_a-fini.o)
                              c:/program files (x86)/atmel/studio/7.0/toolchain/arm/arm-gnu-toolchain/bin/../lib/gcc/arm-none-eabi/6.3.1/../../../../arm-none-eabi/lib/thumb/v7-m\libc.a(lib_a-__call_atexit.o) (__libc_fini_array)
c:/program files (x86)/atmel/studio/7.0/toolchain/arm/arm-gnu-toolchain/bin/../lib/gcc/arm-none-eabi/6.3.1/../../../../arm-none-eabi/lib/thumb/v7-m\libc.a(lib_a-lock.o)
                              c:/program files (x86)/atmel/studio/7.0/toolchain/arm/arm-gnu-toolchain/bin/../lib/gcc/arm-none-eabi/6.3.1/../../../../arm-none-eabi/lib/thumb/v7-m\libc.a(lib_a-__call_atexit.o) (__retarget_lock_acquire_recursive)
c:/program files (x86)/atmel/studio/7.0/toolchain/arm/arm-gnu-toolchain/bin/../lib/gcc/arm-none-eabi/6.3.1/../../../../arm-none-eabi/lib/thumb/v7-m\libc.a(lib_a-__atexit.o)
                              c:/program files (x86)/atmel/studio/7.0/toolchain/arm/arm-gnu-toolchain/bin/../lib/gcc/arm-none-eabi/6.3.1/../../../../arm-none-eabi/lib/thumb/v7-m\libc.a(lib_a-atexit.o) (__register_exitproc)

Allocating common symbols
Common symbol       size              file

__lock___atexit_recursive_mutex
                    0x1               c:/program files (x86)/atmel/studio/7.0/toolchain/arm/arm-gnu-toolchain/bin/../lib/gcc/arm-none-eabi/6.3.1/../../../../arm-none-eabi/lib/thumb/v7-m\libc.a(lib_a-lock.o)
__lock___arc4random_mutex
                    0x1               c:/program files (x86)/atmel/studio/7.0/toolchain/arm/arm-gnu-toolchain/bin/../lib/gcc/arm-none-eabi/6.3.1/../../../../arm-none-eabi/lib/thumb/v7-m\libc.a(lib_a-lock.o)
__lock___env_recursive_mutex
                    0x1               c:/program files (x86)/atmel/studio/7.0/toolchain/arm/arm-gnu-toolchain/bin/../lib/gcc/arm-none-eabi/6.3.1/../../../../arm-none-eabi/lib/thumb/v7-m\libc.a(lib_a-lock.o)
__lock___sinit_recursive_mutex
[...]
Memory Configuration

Name             Origin             Length             Attributes
rom              0x00080000         0x00080000         xr
ram              0x20000000         0x00018000         xrw
*default*        0x00000000         0xffffffff

Linker script and memory map

LOAD c:/program files (x86)/atmel/studio/7.0/toolchain/arm/arm-gnu-toolchain/bin/../lib/gcc/arm-none-eabi/6.3.1/thumb/v7-m/crti.o
LOAD c:/program files (x86)/atmel/studio/7.0/toolchain/arm/arm-gnu-toolchain/bin/../lib/gcc/arm-none-eabi/6.3.1/thumb/v7-m/crtbegin.o
LOAD c:/program files (x86)/atmel/studio/7.0/toolchain/arm/arm-gnu-toolchain/bin/../lib/gcc/arm-none-eabi/6.3.1/../../../../arm-none-eabi/lib/thumb/v7-m/crt0.o
LOAD button/button.o
LOAD can_node_2/can_controller.o
LOAD can_node_2/can_interrupt.o
LOAD Device_Startup/startup_sam3xa.o
LOAD Device_Startup/system_sam3xa.o
LOAD main.o
LOAD motor/motor_controller.o
LOAD pid/pid.o
LOAD Servo_and _IR/ADC.o
LOAD Servo_and _IR/goal.o
LOAD Servo_and _IR/PWM.o
LOAD Servo_and _IR/servoControl.o
LOAD timer/timer.o
LOAD uart_and_printf/printf-stdarg.o
LOAD uart_and_printf/uart.o
START GROUP
LOAD c:/program files (x86)/atmel/studio/7.0/toolchain/arm/arm-gnu-toolchain/bin/../lib/gcc/arm-none-eabi/6.3.1/../../../../arm-none-eabi/lib/thumb/v7-m\libm.a
END GROUP
START GROUP
LOAD c:/program files (x86)/atmel/studio/7.0/toolchain/arm/arm-gnu-toolchain/bin/../lib/gcc/arm-none-eabi/6.3.1/thumb/v7-m\libgcc.a
LOAD c:/program files (x86)/atmel/studio/7.0/toolchain/arm/arm-gnu-toolchain/bin/../lib/gcc/arm-none-eabi/6.3.1/../../../../arm-none-eabi/lib/thumb/v7-m\libc.a
END GROUP
LOAD c:/program files (x86)/atmel/studio/7.0/toolchain/arm/arm-gnu-toolchain/bin/../lib/gcc/arm-none-eabi/6.3.1/thumb/v7-m/crtend.o
LOAD c:/program files (x86)/atmel/studio/7.0/toolchain/arm/arm-gnu-toolchain/bin/../lib/gcc/arm-none-eabi/6.3.1/thumb/v7-m/crtn.o
                0x00000400                STACK_SIZE = DEFINED (STACK_SIZE)?STACK_SIZE:0x400
                0x00000200                HEAP_SIZE = DEFINED (HEAP_SIZE)?HEAP_SIZE:0x200

.text           0x00080000     0x1790
                0x00080000                . = ALIGN (0x4)
                0x00080000                _sfixed = .
 *(.vectors .vectors.*)
 .vectors       0x00080000       0xf4 Device_Startup/startup_sam3xa.o
                0x00080000                exception_table
 *(.text .text.* .gnu.linkonce.t.*)
 .text          0x000800f4       0x6c c:/program files (x86)/atmel/studio/7.0/toolchain/arm/arm-gnu-toolchain/bin/../lib/gcc/arm-none-eabi/6.3.1/thumb/v7-m/crtbegin.o
 .text.button_init
                0x00080160       0x10 button/button.o
                0x00080160                button_init
 .text.set_button
                0x00080170       0x1c button/button.o
                0x00080170                set_button
 .text.can_init
                0x0008018c       0xe4 can_node_2/can_controller.o
                0x0008018c                can_init
 .text.can_init_def_tx_rx_mb
                0x00080270       0x10 can_node_2/can_controller.o
                0x00080270                can_init_def_tx_rx_mb
 .text.can_receive
                0x00080280       0x84 can_node_2/can_controller.o
                0x00080280                can_receive
 .text.CAN0_Handler
                0x00080304       0xbc can_node_2/can_interrupt.o
                0x00080304                CAN0_Handler
 .text.Dummy_Handler
                0x000803c0        0x2 Device_Startup/startup_sam3xa.o
                0x000803c0                DACC_Handler
                0x000803c0                DebugMon_Handler
                0x000803c0                DMAC_Handler
                0x000803c0                TRNG_Handler
                0x000803c0                HardFault_Handler
                0x000803c0                TC2_Handler
                0x000803c0                SysTick_Handler
                0x000803c0                USART3_Handler
                0x000803c0                TWI1_Handler
                0x000803c0                PendSV_Handler
                0x000803c0                NMI_Handler
                0x000803c0                TC7_Handler
                0x000803c0                ADC_Handler
                0x000803c0                SMC_Handler
                0x000803c0                USART0_Handler
                0x000803c0                RTT_Handler
                0x000803c0                EFC1_Handler
                0x000803c0                PIOB_Handler
                0x000803c0                RTC_Handler
                0x000803c0                UsageFault_Handler
                0x000803c0                TC6_Handler
                0x000803c0                WDT_Handler
                0x000803c0                TC4_Handler
                0x000803c0                HSMCI_Handler
                0x000803c0                TC3_Handler
                0x000803c0                Dummy_Handler
                0x000803c0                TWI0_Handler
                0x000803c0                USART1_Handler
                0x000803c0                PIOA_Handler
                0x000803c0                SSC_Handler
                0x000803c0                EFC0_Handler
                0x000803c0                PMC_Handler
                0x000803c0                PWM_Handler
                0x000803c0                CAN1_Handler
                0x000803c0                MemManage_Handler
                0x000803c0                SUPC_Handler
                0x000803c0                SVC_Handler
                0x000803c0                TC8_Handler
                0x000803c0                USART2_Handler
                0x000803c0                PIOD_Handler
                0x000803c0                EMAC_Handler
                0x000803c0                PIOC_Handler
                0x000803c0                BusFault_Handler
                0x000803c0                RSTC_Handler
                0x000803c0                TC0_Handler
                0x000803c0                TC5_Handler
                0x000803c0                UOTGHS_Handler
                0x000803c0                SPI0_Handler
 *fill*         0x000803c2        0x2 
 .text.Reset_Handler
                0x000803c4       0x6c Device_Startup/startup_sam3xa.o
                0x000803c4                Reset_Handler
 .text.SystemInit
                0x00080430       0xa4 Device_Startup/system_sam3xa.o
                0x00080430                SystemInit
 .text.main     0x000804d4       0x80 main.o
                0x000804d4                main
 .text.set_joystick_horizontal_val
                0x00080554        0xc motor/motor_controller.o
                0x00080554                set_joystick_horizontal_val
 .text.set_right_slider_val
                0x00080560        0xc motor/motor_controller.o
                0x00080560                set_right_slider_val
 .text.set_right_button_val
                0x0008056c        0xc motor/motor_controller.o
                0x0008056c                set_right_button_val
 .text.get_joystick_horizontal_val
                0x00080578        0xc motor/motor_controller.o
                0x00080578                get_joystick_horizontal_val
 .text.motor_disable_break
                0x00080584       0x1c motor/motor_controller.o
                0x00080584                motor_disable_break
 .text.motor_set_direction
                0x000805a0       0x1c motor/motor_controller.o
                0x000805a0                motor_set_direction
 .text.motor_encoder_reset
                0x000805bc       0x10 motor/motor_controller.o
                0x000805bc                motor_encoder_reset
 .text.motor_encoder_read
                0x000805cc       0x50 motor/motor_controller.o
                0x000805cc                motor_encoder_read
 .text.DAC_init
                0x0008061c       0x3c motor/motor_controller.o
                0x0008061c                DAC_init
 .text.motor_init
                0x00080658       0x40 motor/motor_controller.o
                0x00080658                motor_init
 .text.motor_set_speed
                0x00080698       0x18 motor/motor_controller.o
                0x00080698                motor_set_speed
 .text.motor_pid_controlled
                0x000806b0       0x34 motor/motor_controller.o
                0x000806b0                motor_pid_controlled
 .text.pid_update_e
                0x000806e4       0x54 pid/pid.o
                0x000806e4                pid_update_e
 .text.TC1_Handler
                0x00080738       0x14 pid/pid.o
                0x00080738                TC1_Handler
 *fill*         0x0008074c        0x4 
 .text.pid_update_u
                0x00080750       0x80 pid/pid.o
                0x00080750                pid_update_u
 .text.pid_get_u
                0x000807d0       0x14 pid/pid.o
                0x000807d0                pid_get_u
 .text.ADC_init
                0x000807e4       0x40 Servo_and _IR/ADC.o
                0x000807e4                ADC_init
 .text.PWM_init
                0x00080824       0xa0 Servo_and _IR/PWM.o
                0x00080824                PWM_init
 .text.PWM_update_dutycycle
                0x000808c4       0x2c Servo_and _IR/PWM.o
                0x000808c4                PWM_update_dutycycle
 .text.set_servo_posistion
                0x000808f0       0x3c Servo_and _IR/servoControl.o
                0x000808f0                set_servo_posistion
 .text.timer_init
                0x0008092c       0x94 timer/timer.o
                0x0008092c                timer_init
 .text.delay_us
                0x000809c0       0x38 timer/timer.o
                0x000809c0                delay_us
 .text.printchar
                0x000809f8       0x10 uart_and_printf/printf-stdarg.o
 .text.prints   0x00080a08       0x84 uart_and_printf/printf-stdarg.o
 .text.printi   0x00080a8c       0xac uart_and_printf/printf-stdarg.o
 .text.print    0x00080b38      0x150 uart_and_printf/printf-stdarg.o
 .text.printf   0x00080c88       0x24 uart_and_printf/printf-stdarg.o
                0x00080c88                printf
 .text.configure_uart
                0x00080cac       0x68 uart_and_printf/uart.o
                0x00080cac                configure_uart
 .text.uart_putchar
                0x00080d14       0x24 uart_and_printf/uart.o
                0x00080d14                uart_putchar
 .text.UART_Handler
                0x00080d38       0x68 uart_and_printf/uart.o
                0x00080d38                UART_Handler
 .text          0x00080da0      0x370 c:/program files (x86)/atmel/studio/7.0/toolchain/arm/arm-gnu-toolchain/bin/../lib/gcc/arm-none-eabi/6.3.1/thumb/v7-m\libgcc.a(_arm_addsubdf3.o)
                0x00080da0                __aeabi_drsub
                0x00080da8                __aeabi_dsub
                0x00080da8                __subdf3
                0x00080dac                __aeabi_dadd
                0x00080dac                __adddf3
                0x00081024                __floatunsidf
                0x00081024                __aeabi_ui2d
                0x00081044                __floatsidf
                0x00081044                __aeabi_i2d
                0x00081068                __aeabi_f2d
                0x00081068                __extendsfdf2
                0x000810a4                __floatundidf
                0x000810a4                __aeabi_ul2d
                0x000810b4                __floatdidf
                0x000810b4                __aeabi_l2d
 .text          0x00081110      0x424 c:/program files (x86)/atmel/studio/7.0/toolchain/arm/arm-gnu-toolchain/bin/../lib/gcc/arm-none-eabi/6.3.1/thumb/v7-m\libgcc.a(_arm_muldivdf3.o)
                0x00081110                __aeabi_dmul
                0x00081110                __muldf3
                0x00081364                __divdf3
                0x00081364                __aeabi_ddiv
 .text          0x00081534       0x50 c:/program files (x86)/atmel/studio/7.0/toolchain/arm/arm-gnu-toolchain/bin/../lib/gcc/arm-none-eabi/6.3.1/thumb/v7-m\libgcc.a(_arm_fixdfsi.o)
                0x00081534                __aeabi_d2iz
                0x00081534                __fixdfsi
 .text.__libc_init_array
                0x00081584       0x50 c:/program files (x86)/atmel/studio/7.0/toolchain/arm/arm-gnu-toolchain/bin/../lib/gcc/arm-none-eabi/6.3.1/../../../../arm-none-eabi/lib/thumb/v7-m\libc.a(lib_a-init.o)
                0x00081584                __libc_init_array
 .text.startup.register_fini
                0x000815d4       0x14 c:/program files (x86)/atmel/studio/7.0/toolchain/arm/arm-gnu-toolchain/bin/../lib/gcc/arm-none-eabi/6.3.1/../../../../arm-none-eabi/lib/thumb/v7-m\libc.a(lib_a-__call_atexit.o)
 .text.atexit   0x000815e8        0xc c:/program files (x86)/atmel/studio/7.0/toolchain/arm/arm-gnu-toolchain/bin/../lib/gcc/arm-none-eabi/6.3.1/../../../../arm-none-eabi/lib/thumb/v7-m\libc.a(lib_a-atexit.o)
                0x000815e8                atexit
 .text.__libc_fini_array
                0x000815f4       0x34 c:/program files (x86)/atmel/studio/7.0/toolchain/arm/arm-gnu-toolchain/bin/../lib/gcc/arm-none-eabi/6.3.1/../../../../arm-none-eabi/lib/thumb/v7-m\libc.a(lib_a-fini.o)
                0x000815f4                __libc_fini_array
 .text.__retarget_lock_acquire_recursive
                0x00081628        0x4 c:/program files (x86)/atmel/studio/7.0/toolchain/arm/arm-gnu-toolchain/bin/../lib/gcc/arm-none-eabi/6.3.1/../../../../arm-none-eabi/lib/thumb/v7-m\libc.a(lib_a-lock.o)
                0x00081628                __retarget_lock_acquire_recursive
 .text.__retarget_lock_release_recursive
                0x0008162c        0x4 c:/program files (x86)/atmel/studio/7.0/toolchain/arm/arm-gnu-toolchain/bin/../lib/gcc/arm-none-eabi/6.3.1/../../../../arm-none-eabi/lib/thumb/v7-m\libc.a(lib_a-lock.o)
                0x0008162c                __retarget_lock_release_recursive
 .text.__register_exitproc
                0x00081630       0xc4 c:/program files (x86)/atmel/studio/7.0/toolchain/arm/arm-gnu-toolchain/bin/../lib/gcc/arm-none-eabi/6.3.1/../../../../arm-none-eabi/lib/thumb/v7-m\libc.a(lib_a-__atexit.o)
                0x00081630                __register_exitproc
 *(.glue_7t)
 .glue_7t       0x000816f4        0x0 linker stubs
 *(.glue_7)
 .glue_7        0x000816f4        0x0 linker stubs
 *(.rodata .rodata* .gnu.linkonce.r.*)
 .rodata.str1.4
                0x000816f4       0x2b can_node_2/can_interrupt.o
 *fill*         0x0008171f        0x1 
 .rodata.str1.4
                0x00081720       0x20 Servo_and _IR/servoControl.o
 .rodata.str1.4
                0x00081740        0x7 uart_and_printf/printf-stdarg.o
 *fill*         0x00081747        0x1 
 .rodata.str1.4
                0x00081748       0x20 uart_and_printf/uart.o
                                 0x1e (size before relaxing)
 .rodata._global_impure_ptr
                0x00081768        0x4 c:/program files (x86)/atmel/studio/7.0/toolchain/arm/arm-gnu-toolchain/bin/../lib/gcc/arm-none-eabi/6.3.1/../../../../arm-none-eabi/lib/thumb/v7-m\libc.a(lib_a-impure.o)
                0x00081768                _global_impure_ptr
 *(.ARM.extab* .gnu.linkonce.armextab.*)
                0x0008176c                . = ALIGN (0x4)
 *(.init)
 .init          0x0008176c        0x4 c:/program files (x86)/atmel/studio/7.0/toolchain/arm/arm-gnu-toolchain/bin/../lib/gcc/arm-none-eabi/6.3.1/thumb/v7-m/crti.o
                0x0008176c                _init
 .init          0x00081770        0x8 c:/program files (x86)/atmel/studio/7.0/toolchain/arm/arm-gnu-toolchain/bin/../lib/gcc/arm-none-eabi/6.3.1/thumb/v7-m/crtn.o
                0x00081778                . = ALIGN (0x4)
                0x00081778                __preinit_array_start = .
 *(.preinit_array)
                0x00081778                __preinit_array_end = .
                0x00081778                . = ALIGN (0x4)
                0x00081778                __init_array_start = .
 *(SORT(.init_array.*))
 .init_array.00000
                0x00081778        0x4 c:/program files (x86)/atmel/studio/7.0/toolchain/arm/arm-gnu-toolchain/bin/../lib/gcc/arm-none-eabi/6.3.1/../../../../arm-none-eabi/lib/thumb/v7-m\libc.a(lib_a-__call_atexit.o)
 *(.init_array)
 .init_array    0x0008177c        0x4 c:/program files (x86)/atmel/studio/7.0/toolchain/arm/arm-gnu-toolchain/bin/../lib/gcc/arm-none-eabi/6.3.1/thumb/v7-m/crtbegin.o
                0x00081780                __init_array_end = .
                0x00081780                . = ALIGN (0x4)
 *crtbegin.o(.ctors)
 *(EXCLUDE_FILE(*crtend.o) .ctors)
 *(SORT(.ctors.*))
 *crtend.o(.ctors)
                0x00081780                . = ALIGN (0x4)
 *(.fini)
 .fini          0x00081780        0x4 c:/program files (x86)/atmel/studio/7.0/toolchain/arm/arm-gnu-toolchain/bin/../lib/gcc/arm-none-eabi/6.3.1/thumb/v7-m/crti.o
                0x00081780                _fini
 .fini          0x00081784        0x8 c:/program files (x86)/atmel/studio/7.0/toolchain/arm/arm-gnu-toolchain/bin/../lib/gcc/arm-none-eabi/6.3.1/thumb/v7-m/crtn.o
                0x0008178c                . = ALIGN (0x4)
                0x0008178c                __fini_array_start = .
 *(.fini_array)
 .fini_array    0x0008178c        0x4 c:/program files (x86)/atmel/studio/7.0/toolchain/arm/arm-gnu-toolchain/bin/../lib/gcc/arm-none-eabi/6.3.1/thumb/v7-m/crtbegin.o
 *(SORT(.fini_array.*))
                0x00081790                __fini_array_end = .
 *crtbegin.o(.dtors)
 *(EXCLUDE_FILE(*crtend.o) .dtors)
 *(SORT(.dtors.*))
 *crtend.o(.dtors)
                0x00081790                . = ALIGN (0x4)
                0x00081790                _efixed = .
                [!provide]                PROVIDE (__exidx_start, .)

.vfp11_veneer   0x00081790        0x0
 .vfp11_veneer  0x00081790        0x0 linker stubs

.v4_bx          0x00081790        0x0
 .v4_bx         0x00081790        0x0 linker stubs

.iplt           0x00081790        0x0
 .iplt          0x00081790        0x0 c:/program files (x86)/atmel/studio/7.0/toolchain/arm/arm-gnu-toolchain/bin/../lib/gcc/arm-none-eabi/6.3.1/thumb/v7-m/crtbegin.o

.eh_frame       0x00081790        0x0
 .eh_frame      0x00081790        0x0 c:/program files (x86)/atmel/studio/7.0/toolchain/arm/arm-gnu-toolchain/bin/../lib/gcc/arm-none-eabi/6.3.1/thumb/v7-m/crtbegin.o

.rel.dyn        0x00081790        0x0
 .rel.iplt      0x00081790        0x0 c:/program files (x86)/atmel/studio/7.0/toolchain/arm/arm-gnu-toolchain/bin/../lib/gcc/arm-none-eabi/6.3.1/thumb/v7-m/crtbegin.o

.jcr            0x00081790        0x0
 .jcr           0x00081790        0x0 c:/program files (x86)/atmel/studio/7.0/toolchain/arm/arm-gnu-toolchain/bin/../lib/gcc/arm-none-eabi/6.3.1/thumb/v7-m/crtbegin.o

.igot.plt       0x00081790        0x0
 .igot.plt      0x00081790        0x0 c:/program files (x86)/atmel/studio/7.0/toolchain/arm/arm-gnu-toolchain/bin/../lib/gcc/arm-none-eabi/6.3.1/thumb/v7-m/crtbegin.o

.ARM.exidx
 *(.ARM.exidx* .gnu.linkonce.armexidx.*)
                [!provide]                PROVIDE (__exidx_end, .)
                0x00081790                . = ALIGN (0x4)
                0x00081790                _etext = .

.relocate       0x20000000      0x434 load address 0x00081790
                0x20000000                . = ALIGN (0x4)
                0x20000000                _srelocate = .
 *(.ramfunc .ramfunc.*)
 *(.data .data.*)
 .data          0x20000000        0x4 Device_Startup/system_sam3xa.o
                0x20000000                SystemCoreClock
 *fill*         0x20000004        0x4 
 .data.impure_data
                0x20000008      0x428 c:/program files (x86)/atmel/studio/7.0/toolchain/arm/arm-gnu-toolchain/bin/../lib/gcc/arm-none-eabi/6.3.1/../../../../arm-none-eabi/lib/thumb/v7-m\libc.a(lib_a-impure.o)
 .data.__atexit_recursive_mutex
                0x20000430        0x4 c:/program files (x86)/atmel/studio/7.0/toolchain/arm/arm-gnu-toolchain/bin/../lib/gcc/arm-none-eabi/6.3.1/../../../../arm-none-eabi/lib/thumb/v7-m\libc.a(lib_a-__call_atexit.o)
                0x20000430                __atexit_recursive_mutex
                0x20000434                . = ALIGN (0x4)
                0x20000434                _erelocate = .

.bss            0x20000434       0x98 load address 0x00081bc4
                0x20000434                . = ALIGN (0x4)
                0x20000434                _sbss = .
                0x20000434                _szero = .
 *(.bss .bss.*)
 .bss           0x20000434       0x1c c:/program files (x86)/atmel/studio/7.0/toolchain/arm/arm-gnu-toolchain/bin/../lib/gcc/arm-none-eabi/6.3.1/thumb/v7-m/crtbegin.o
 .bss           0x20000450        0x3 motor/motor_controller.o
                0x20000450                joystick_horizontal_val
                0x20000451                right_slider_val
                0x20000452                right_button_val
 *fill*         0x20000453        0x1 
 .bss           0x20000454       0x10 pid/pid.o
 *(COMMON)
 COMMON         0x20000464       0x42 uart_and_printf/uart.o
                0x20000464                rx_buffer
 *fill*         0x200004a6        0x2 
 COMMON         0x200004a8       0x21 c:/program files (x86)/atmel/studio/7.0/toolchain/arm/arm-gnu-toolchain/bin/../lib/gcc/arm-none-eabi/6.3.1/../../../../arm-none-eabi/lib/thumb/v7-m\libc.a(lib_a-lock.o)
                0x200004a8                __lock___atexit_recursive_mutex
                0x200004ac                __lock___arc4random_mutex
                0x200004b0                __lock___env_recursive_mutex
                0x200004b4                __lock___sinit_recursive_mutex
                0x200004b8                __lock___malloc_recursive_mutex
                0x200004bc                __lock___at_quick_exit_mutex
                0x200004c0                __lock___dd_hash_mutex
                0x200004c4                __lock___tz_mutex
                0x200004c8                __lock___sfp_recursive_mutex
                0x200004cc                . = ALIGN (0x4)
 *fill*         0x200004c9        0x3 
                0x200004cc                _ebss = .
                0x200004cc                _ezero = .

.stack          0x200004cc      0x404 load address 0x00081c5c
                0x200004d0                . = ALIGN (0x8)
 *fill*         0x200004cc        0x4 
                0x200004d0                _sstack = .
                0x200008d0                . = (. + STACK_SIZE)
 *fill*         0x200004d0      0x400 
                0x200008d0                . = ALIGN (0x8)
                0x200008d0                _estack = .

.heap           0x200008d0      0x200 load address 0x00082060
                0x200008d0                . = ALIGN (0x8)
                0x200008d0                _sheap = .
                0x20000ad0                . = (. + HEAP_SIZE)
 *fill*         0x200008d0      0x200 
                0x20000ad0                . = ALIGN (0x8)
                0x20000ad0                _eheap = .
                0x20000ad0                . = ALIGN (0x4)
                0x20000ad0                _end = .
                0x20017fff                _ram_end_ = ((ORIGIN (ram) + LENGTH (ram)) - 0x1)
OUTPUT(Node 2.elf elf32-littlearm)

.ARM.attributes
                0x00000000       0x29
 .ARM.attributes
                0x00000000       0x1d c:/program files (x86)/atmel/studio/7.0/toolchain/arm/arm-gnu-toolchain/bin/../lib/gcc/arm-none-eabi/6.3.1/thumb/v7-m/crti.o
 .ARM.attributes
                0x0000001d       0x2d c:/program files (x86)/atmel/studio/7.0/toolchain/arm/arm-gnu-toolchain/bin/../lib/gcc/arm-none-eabi/6.3.1/thumb/v7-m/crtbegin.o
 .ARM.attributes
                0x0000004a       0x33 button/button.o
 .ARM.attributes
                0x0000007d       0x33 can_node_2/can_controller.o
 .ARM.attributes
                0x000000b0       0x33 can_node_2/can_interrupt.o
 .ARM.attributes
                0x000000e3       0x33 Device_Startup/startup_sam3xa.o
 .ARM.attributes
                0x00000116       0x33 Device_Startup/system_sam3xa.o
 .ARM.attributes
                0x00000149       0x33 main.o
 .ARM.attributes
                0x0000017c       0x33 motor/motor_controller.o
 .ARM.attributes
                0x000001af       0x33 pid/pid.o
 .ARM.attributes
                0x000001e2       0x33 Servo_and _IR/ADC.o
 .ARM.attributes
                0x00000215       0x33 Servo_and _IR/PWM.o
 .ARM.attributes
                0x00000248       0x33 Servo_and _IR/servoControl.o
 .ARM.attributes
                0x0000027b       0x33 timer/timer.o
 .ARM.attributes
                0x000002ae       0x33 uart_and_printf/printf-stdarg.o
 .ARM.attributes
                0x000002e1       0x33 uart_and_printf/uart.o
 .ARM.attributes
                0x00000314       0x1d c:/program files (x86)/atmel/studio/7.0/toolchain/arm/arm-gnu-toolchain/bin/../lib/gcc/arm-none-eabi/6.3.1/thumb/v7-m\libgcc.a(_arm_addsubdf3.o)
 .ARM.attributes
                0x00000331       0x1d c:/program files (x86)/atmel/studio/7.0/toolchain/arm/arm-gnu-toolchain/bin/../lib/gcc/arm-none-eabi/6.3.1/thumb/v7-m\libgcc.a(_arm_muldivdf3.o)
 .ARM.attributes
                0x0000034e       0x1d c:/program files (x86)/atmel/studio/7.0/toolchain/arm/arm-gnu-toolchain/bin/../lib/gcc/arm-none-eabi/6.3.1/thumb/v7-m\libgcc.a(_arm_fixdfsi.o)
 .ARM.attributes
                0x0000036b       0x2d c:/program files (x86)/atmel/studio/7.0/toolchain/arm/arm-gnu-toolchain/bin/../lib/gcc/arm-none-eabi/6.3.1/../../../../arm-none-eabi/lib/thumb/v7-m\libc.a(lib_a-impure.o)
 .ARM.attributes
                0x00000398       0x2d c:/program files (x86)/atmel/studio/7.0/toolchain/arm/arm-gnu-toolchain/bin/../lib/gcc/arm-none-eabi/6.3.1/../../../../arm-none-eabi/lib/thumb/v7-m\libc.a(lib_a-init.o)
 .ARM.attributes
                0x000003c5       0x2d c:/program files (x86)/atmel/studio/7.0/toolchain/arm/arm-gnu-toolchain/bin/../lib/gcc/arm-none-eabi/6.3.1/../../../../arm-none-eabi/lib/thumb/v7-m\libc.a(lib_a-__call_atexit.o)
 .ARM.attributes
                0x000003f2       0x2d c:/program files (x86)/atmel/studio/7.0/toolchain/arm/arm-gnu-toolchain/bin/../lib/gcc/arm-none-eabi/6.3.1/../../../../arm-none-eabi/lib/thumb/v7-m\libc.a(lib_a-atexit.o)
 .ARM.attributes
                0x0000041f       0x2d c:/program files (x86)/atmel/studio/7.0/toolchain/arm/arm-gnu-toolchain/bin/../lib/gcc/arm-none-eabi/6.3.1/../../../../arm-none-eabi/lib/thumb/v7-m\libc.a(lib_a-fini.o)
 .ARM.attributes
                0x0000044c       0x2d c:/program files (x86)/atmel/studio/7.0/toolchain/arm/arm-gnu-toolchain/bin/../lib/gcc/arm-none-eabi/6.3.1/../../../../arm-none-eabi/lib/thumb/v7-m\libc.a(lib_a-lock.o)
 .ARM.attributes
                0x00000479       0x2d c:/program files (x86)/atmel/studio/7.0/toolchain/arm/arm-gnu-toolchain/bin/../lib/gcc/arm-none-eabi/6.3.1/../../../../arm-none-eabi/lib/thumb/v7-m\libc.a(lib_a-__atexit.o)
 .ARM.attributes
                0x000004a6       0x1d c:/program files (x86)/atmel/studio/7.0/toolchain/arm/arm-gnu-toolchain/bin/../lib/gcc/arm-none-eabi/6.3.1/thumb/v7-m/crtn.o

.comment        0x00000000       0x59
 .comment       0x00000000       0x59 button/button.o
                                 0x5a (size before relaxing)
 .comment       0x00000059       0x5a can_node_2/can_controller.o
 .comment       0x00000059       0x5a can_node_2/can_interrupt.o
 .comment       0x00000059       0x5a Device_Startup/startup_sam3xa.o
 .comment       0x00000059       0x5a Device_Startup/system_sam3xa.o
 .comment       0x00000059       0x5a main.o
 .comment       0x00000059       0x5a motor/motor_controller.o
 .comment       0x00000059       0x5a pid/pid.o
 .comment       0x00000059       0x5a Servo_and _IR/ADC.o
 .comment       0x00000059       0x5a Servo_and _IR/PWM.o
 .comment       0x00000059       0x5a Servo_and _IR/servoControl.o
 .comment       0x00000059       0x5a timer/timer.o
 .comment       0x00000059       0x5a uart_and_printf/printf-stdarg.o
 .comment       0x00000059       0x5a uart_and_printf/uart.o

.debug_info     0x00000000     0xa72c
 .debug_info    0x00000000      0x4b9 button/button.o
 .debug_info    0x000004b9      0xd68 can_node_2/can_controller.o
 .debug_info    0x00001221     0x100a can_node_2/can_interrupt.o
 .debug_info    0x0000222b      0x74e Device_Startup/startup_sam3xa.o
 .debug_info    0x00002979      0x444 Device_Startup/system_sam3xa.o
 .debug_info    0x00002dbd      0xee3 main.o
 .debug_info    0x00003ca0     0x15b1 motor/motor_controller.o
 .debug_info    0x00005251      0xb1e pid/pid.o
 .debug_info    0x00005d6f      0x947 Servo_and _IR/ADC.o
 .debug_info    0x000066b6      0xb4d Servo_and _IR/PWM.o
 .debug_info    0x00007203      0xa6a Servo_and _IR/servoControl.o
 .debug_info    0x00007c6d      0xf9c timer/timer.o
 .debug_info    0x00008c09      0x60b uart_and_printf/printf-stdarg.o
 .debug_info    0x00009214     0x1518 uart_and_printf/uart.o

.debug_abbrev   0x00000000     0x1978
 .debug_abbrev  0x00000000       0xe8 button/button.o
 .debug_abbrev  0x000000e8      0x212 can_node_2/can_controller.o
 .debug_abbrev  0x000002fa      0x2c6 can_node_2/can_interrupt.o
 .debug_abbrev  0x000005c0      0x153 Device_Startup/startup_sam3xa.o
 .debug_abbrev  0x00000713      0x102 Device_Startup/system_sam3xa.o
 .debug_abbrev  0x00000815      0x1f4 main.o
 .debug_abbrev  0x00000a09      0x2da motor/motor_controller.o
 .debug_abbrev  0x00000ce3      0x212 pid/pid.o
 .debug_abbrev  0x00000ef5       0xe6 Servo_and _IR/ADC.o
 .debug_abbrev  0x00000fdb       0xf5 Servo_and _IR/PWM.o
 .debug_abbrev  0x000010d0      0x200 Servo_and _IR/servoControl.o
 .debug_abbrev  0x000012d0      0x254 timer/timer.o
 .debug_abbrev  0x00001524      0x194 uart_and_printf/printf-stdarg.o
 .debug_abbrev  0x000016b8      0x2c0 uart_and_printf/uart.o

.debug_aranges  0x00000000      0x2f8
 .debug_aranges
                0x00000000       0x28 button/button.o
 .debug_aranges
                0x00000028       0x38 can_node_2/can_controller.o
 .debug_aranges
                0x00000060       0x20 can_node_2/can_interrupt.o
 .debug_aranges
                0x00000080       0x28 Device_Startup/startup_sam3xa.o
 .debug_aranges
                0x000000a8       0x30 Device_Startup/system_sam3xa.o
 .debug_aranges
                0x000000d8       0x20 main.o
 .debug_aranges
                0x000000f8       0xa0 motor/motor_controller.o
 .debug_aranges
                0x00000198       0x38 pid/pid.o
 .debug_aranges
                0x000001d0       0x28 Servo_and _IR/ADC.o
 .debug_aranges
                0x000001f8       0x28 Servo_and _IR/PWM.o
 .debug_aranges
                0x00000220       0x20 Servo_and _IR/servoControl.o
 .debug_aranges
                0x00000240       0x30 timer/timer.o
 .debug_aranges
                0x00000270       0x50 uart_and_printf/printf-stdarg.o
 .debug_aranges
                0x000002c0       0x38 uart_and_printf/uart.o

.debug_ranges   0x00000000      0x248
 .debug_ranges  0x00000000       0x18 button/button.o
 .debug_ranges  0x00000018       0x28 can_node_2/can_controller.o
 .debug_ranges  0x00000040       0x28 can_node_2/can_interrupt.o
 .debug_ranges  0x00000068       0x18 Device_Startup/startup_sam3xa.o
 .debug_ranges  0x00000080       0x20 Device_Startup/system_sam3xa.o
 .debug_ranges  0x000000a0       0x10 main.o
 .debug_ranges  0x000000b0       0x90 motor/motor_controller.o
 .debug_ranges  0x00000140       0x28 pid/pid.o
 .debug_ranges  0x00000168       0x18 Servo_and _IR/ADC.o
 .debug_ranges  0x00000180       0x18 Servo_and _IR/PWM.o
 .debug_ranges  0x00000198       0x10 Servo_and _IR/servoControl.o
 .debug_ranges  0x000001a8       0x20 timer/timer.o
 .debug_ranges  0x000001c8       0x58 uart_and_printf/printf-stdarg.o
 .debug_ranges  0x00000220       0x28 uart_and_printf/uart.o

.debug_macro    0x00000000    0x147cd
 .debug_macro   0x00000000      0x375 button/button.o
 .debug_macro   0x00000375      0x8b0 button/button.o
 .debug_macro   0x00000c25       0x22 button/button.o
 .debug_macro   0x00000c47       0x87 button/button.o
 .debug_macro   0x00000cce       0x51 button/button.o
 .debug_macro   0x00000d1f       0xef button/button.o
 .debug_macro   0x00000e0e       0x6a button/button.o
 .debug_macro   0x00000e78      0x1df button/button.o
 .debug_macro   0x00001057       0x26 button/button.o
 .debug_macro   0x0000107d       0x1c button/button.o
 .debug_macro   0x00001099       0x22 button/button.o
 .debug_macro   0x000010bb       0xc3 button/button.o
 .debug_macro   0x0000117e      0xe49 button/button.o
 .debug_macro   0x00001fc7      0x11f button/button.o
 .debug_macro   0x000020e6      0xa7d button/button.o
 .debug_macro   0x00002b63      0x55a button/button.o
 .debug_macro   0x000030bd      0x1a8 button/button.o
 .debug_macro   0x00003265      0x30b button/button.o
 .debug_macro   0x00003570      0x709 button/button.o
 .debug_macro   0x00003c79       0xd6 button/button.o
 .debug_macro   0x00003d4f      0x56c button/button.o
 .debug_macro   0x000042bb       0x1c button/button.o
 .debug_macro   0x000042d7      0x678 button/button.o
 .debug_macro   0x0000494f      0x51e button/button.o
 .debug_macro   0x00004e6d       0xbe button/button.o
 .debug_macro   0x00004f2b     0x2333 button/button.o
 .debug_macro   0x0000725e      0x7d1 button/button.o
 .debug_macro   0x00007a2f      0xdbb button/button.o
 .debug_macro   0x000087ea       0x9a button/button.o
 .debug_macro   0x00008884      0x29c button/button.o
 .debug_macro   0x00008b20       0x58 button/button.o
 .debug_macro   0x00008b78      0x999 button/button.o
 .debug_macro   0x00009511      0x22d button/button.o
 .debug_macro   0x0000973e      0x4b4 button/button.o
 .debug_macro   0x00009bf2      0x64a button/button.o
 .debug_macro   0x0000a23c      0x590 button/button.o
 .debug_macro   0x0000a7cc       0x46 button/button.o
 .debug_macro   0x0000a812      0x33f button/button.o
 .debug_macro   0x0000ab51      0x27e button/button.o
 .debug_macro   0x0000adcf     0x14dc button/button.o
 .debug_macro   0x0000c2ab      0x7cf button/button.o
 .debug_macro   0x0000ca7a       0x76 button/button.o
 .debug_macro   0x0000caf0       0x82 button/button.o
 .debug_macro   0x0000cb72       0x76 button/button.o
 .debug_macro   0x0000cbe8       0x4c button/button.o
 .debug_macro   0x0000cc34      0x100 button/button.o
 .debug_macro   0x0000cd34      0x100 button/button.o
 .debug_macro   0x0000ce34      0x100 button/button.o
 .debug_macro   0x0000cf34       0x88 button/button.o
 .debug_macro   0x0000cfbc       0x88 button/button.o
 .debug_macro   0x0000d044      0x3b4 button/button.o
 .debug_macro   0x0000d3f8       0xbe button/button.o
 .debug_macro   0x0000d4b6       0xbe button/button.o
 .debug_macro   0x0000d574       0xbe button/button.o
 .debug_macro   0x0000d632       0xbe button/button.o
 .debug_macro   0x0000d6f0      0x2b8 button/button.o
 .debug_macro   0x0000d9a8      0x118 button/button.o
 .debug_macro   0x0000dac0      0x216 button/button.o
 .debug_macro   0x0000dcd6      0x216 button/button.o
 .debug_macro   0x0000deec       0x2e button/button.o
 .debug_macro   0x0000df1a       0xac button/button.o
 .debug_macro   0x0000dfc6      0x13e button/button.o
 .debug_macro   0x0000e104       0x7c button/button.o
 .debug_macro   0x0000e180      0x1f6 button/button.o
 .debug_macro   0x0000e376       0x64 button/button.o
 .debug_macro   0x0000e3da       0xa6 button/button.o
 .debug_macro   0x0000e480       0x7c button/button.o
 .debug_macro   0x0000e4fc       0x16 button/button.o
 .debug_macro   0x0000e512       0x22 button/button.o
 .debug_macro   0x0000e534       0x22 button/button.o
 .debug_macro   0x0000e556      0x10c button/button.o
 .debug_macro   0x0000e662      0x10c button/button.o
 .debug_macro   0x0000e76e      0x10c button/button.o
 .debug_macro   0x0000e87a      0x10c button/button.o
 .debug_macro   0x0000e986       0x1c button/button.o
 .debug_macro   0x0000e9a2       0x2e button/button.o
 .debug_macro   0x0000e9d0       0x22 button/button.o
 .debug_macro   0x0000e9f2       0x1c button/button.o
 .debug_macro   0x0000ea0e       0x58 button/button.o
 .debug_macro   0x0000ea66       0x10 button/button.o
 .debug_macro   0x0000ea76      0x27a button/button.o
 .debug_macro   0x0000ecf0      0xd34 button/button.o
 .debug_macro   0x0000fa24      0x170 button/button.o
 .debug_macro   0x0000fb94      0x37f can_node_2/can_controller.o
 .debug_macro   0x0000ff13      0x504 can_node_2/can_interrupt.o
 .debug_macro   0x00010417       0x52 can_node_2/can_interrupt.o
 .debug_macro   0x00010469       0x8d can_node_2/can_interrupt.o
 .debug_macro   0x000104f6       0x35 can_node_2/can_interrupt.o
 .debug_macro   0x0001052b       0x9c can_node_2/can_interrupt.o
 .debug_macro   0x000105c7       0x16 can_node_2/can_interrupt.o
 .debug_macro   0x000105dd       0x57 can_node_2/can_interrupt.o
 .debug_macro   0x00010634       0x97 can_node_2/can_interrupt.o
 .debug_macro   0x000106cb      0x353 can_node_2/can_interrupt.o
 .debug_macro   0x00010a1e       0xf6 can_node_2/can_interrupt.o
 .debug_macro   0x00010b14       0x10 can_node_2/can_interrupt.o
 .debug_macro   0x00010b24       0x58 can_node_2/can_interrupt.o
 .debug_macro   0x00010b7c       0x1f can_node_2/can_interrupt.o
 .debug_macro   0x00010b9b       0x43 can_node_2/can_interrupt.o
 .debug_macro   0x00010bde       0x20 can_node_2/can_interrupt.o
 .debug_macro   0x00010bfe      0x187 can_node_2/can_interrupt.o
 .debug_macro   0x00010d85       0x10 can_node_2/can_interrupt.o
 .debug_macro   0x00010d95       0x1c can_node_2/can_interrupt.o
 .debug_macro   0x00010db1       0x52 can_node_2/can_interrupt.o
 .debug_macro   0x00010e03       0x40 can_node_2/can_interrupt.o
 .debug_macro   0x00010e43       0x10 can_node_2/can_interrupt.o
 .debug_macro   0x00010e53       0x40 can_node_2/can_interrupt.o
 .debug_macro   0x00010e93       0xd7 can_node_2/can_interrupt.o
 .debug_macro   0x00010f6a       0x16 can_node_2/can_interrupt.o
 .debug_macro   0x00010f80      0x18b can_node_2/can_interrupt.o
 .debug_macro   0x0001110b       0x20 can_node_2/can_interrupt.o
 .debug_macro   0x0001112b       0xbd can_node_2/can_interrupt.o
 .debug_macro   0x000111e8       0x64 can_node_2/can_interrupt.o
 .debug_macro   0x0001124c      0x371 Device_Startup/startup_sam3xa.o
 .debug_macro   0x000115bd      0x383 Device_Startup/system_sam3xa.o
 .debug_macro   0x00011940      0x53d main.o
 .debug_macro   0x00011e7d       0x58 main.o
 .debug_macro   0x00011ed5      0x34d main.o
 .debug_macro   0x00012222       0x10 main.o
 .debug_macro   0x00012232       0x35 main.o
 .debug_macro   0x00012267      0x45d main.o
 .debug_macro   0x000126c4       0x10 main.o
 .debug_macro   0x000126d4       0x1c main.o
 .debug_macro   0x000126f0      0x521 motor/motor_controller.o
 .debug_macro   0x00012c11       0x16 motor/motor_controller.o
 .debug_macro   0x00012c27       0x16 motor/motor_controller.o
 .debug_macro   0x00012c3d       0x29 motor/motor_controller.o
 .debug_macro   0x00012c66       0x5e motor/motor_controller.o
 .debug_macro   0x00012cc4      0x4db pid/pid.o
 .debug_macro   0x0001319f      0x371 Servo_and _IR/ADC.o
 .debug_macro   0x00013510      0x375 Servo_and _IR/PWM.o
 .debug_macro   0x00013885      0x4cd Servo_and _IR/servoControl.o
 .debug_macro   0x00013d52      0x4c3 timer/timer.o
 .debug_macro   0x00014215       0x8e uart_and_printf/printf-stdarg.o
 .debug_macro   0x000142a3       0x58 uart_and_printf/printf-stdarg.o
 .debug_macro   0x000142fb      0x4c2 uart_and_printf/uart.o
 .debug_macro   0x000147bd       0x10 uart_and_printf/uart.o

.debug_line     0x00000000     0x6de5
 .debug_line    0x00000000      0x711 button/button.o
 .debug_line    0x00000711      0x824 can_node_2/can_controller.o
 .debug_line    0x00000f35      0x948 can_node_2/can_interrupt.o
 .debug_line    0x0000187d      0x728 Device_Startup/startup_sam3xa.o
 .debug_line    0x00001fa5      0x785 Device_Startup/system_sam3xa.o
 .debug_line    0x0000272a      0x915 main.o
 .debug_line    0x0000303f      0x9cc motor/motor_controller.o
 .debug_line    0x00003a0b      0x889 pid/pid.o
 .debug_line    0x00004294      0x70a Servo_and _IR/ADC.o
 .debug_line    0x0000499e      0x71e Servo_and _IR/PWM.o
 .debug_line    0x000050bc      0x847 Servo_and _IR/servoControl.o
 .debug_line    0x00005903      0x877 timer/timer.o
 .debug_line    0x0000617a      0x3d9 uart_and_printf/printf-stdarg.o
 .debug_line    0x00006553      0x892 uart_and_printf/uart.o

.debug_str      0x00000000    0x568e6
 .debug_str     0x00000000    0x50002 button/button.o
                              0x501b3 (size before relaxing)
 .debug_str     0x00050002      0x574 can_node_2/can_controller.o
                              0x506df (size before relaxing)
 .debug_str     0x00050576     0x422b can_node_2/can_interrupt.o
                              0x5467f (size before relaxing)
 .debug_str     0x000547a1      0x506 Device_Startup/startup_sam3xa.o
                              0x504a9 (size before relaxing)
 .debug_str     0x00054ca7      0x195 Device_Startup/system_sam3xa.o
                              0x5023c (size before relaxing)
 .debug_str     0x00054e3c     0x1134 main.o
                              0x5552c (size before relaxing)
 .debug_str     0x00055f70      0x30e motor/motor_controller.o
                              0x548ba (size before relaxing)
 .debug_str     0x0005627e       0x39 pid/pid.o
                              0x54242 (size before relaxing)
 .debug_str     0x000562b7      0x105 Servo_and _IR/ADC.o
                              0x50363 (size before relaxing)
 .debug_str     0x000563bc      0x212 Servo_and _IR/PWM.o
                              0x50483 (size before relaxing)
 .debug_str     0x000565ce       0x3e Servo_and _IR/servoControl.o
                              0x5411f (size before relaxing)
 .debug_str     0x0005660c       0x20 timer/timer.o
                              0x544b1 (size before relaxing)
 .debug_str     0x0005662c      0x1a9 uart_and_printf/printf-stdarg.o
                               0x363d (size before relaxing)
 .debug_str     0x000567d5      0x111 uart_and_printf/uart.o
                              0x547a4 (size before relaxing)

.debug_frame    0x00000000      0x87c
 .debug_frame   0x00000000       0x30 button/button.o
 .debug_frame   0x00000030       0x80 can_node_2/can_controller.o
 .debug_frame   0x000000b0       0x30 can_node_2/can_interrupt.o
 .debug_frame   0x000000e0       0x38 Device_Startup/startup_sam3xa.o
 .debug_frame   0x00000118       0x40 Device_Startup/system_sam3xa.o
 .debug_frame   0x00000158       0x28 main.o
 .debug_frame   0x00000180      0x15c motor/motor_controller.o
 .debug_frame   0x000002dc       0x78 pid/pid.o
 .debug_frame   0x00000354       0x30 Servo_and _IR/ADC.o
 .debug_frame   0x00000384       0x30 Servo_and _IR/PWM.o
 .debug_frame   0x000003b4       0x2c Servo_and _IR/servoControl.o
 .debug_frame   0x000003e0       0x40 timer/timer.o
 .debug_frame   0x00000420      0x124 uart_and_printf/printf-stdarg.o
 .debug_frame   0x00000544       0x58 uart_and_printf/uart.o
 .debug_frame   0x0000059c       0xac c:/program files (x86)/atmel/studio/7.0/toolchain/arm/arm-gnu-toolchain/bin/../lib/gcc/arm-none-eabi/6.3.1/thumb/v7-m\libgcc.a(_arm_addsubdf3.o)
 .debug_frame   0x00000648       0x50 c:/program files (x86)/atmel/studio/7.0/toolchain/arm/arm-gnu-toolchain/bin/../lib/gcc/arm-none-eabi/6.3.1/thumb/v7-m\libgcc.a(_arm_muldivdf3.o)
 .debug_frame   0x00000698       0x24 c:/program files (x86)/atmel/studio/7.0/toolchain/arm/arm-gnu-toolchain/bin/../lib/gcc/arm-none-eabi/6.3.1/thumb/v7-m\libgcc.a(_arm_fixdfsi.o)
 .debug_frame   0x000006bc       0x2c c:/program files (x86)/atmel/studio/7.0/toolchain/arm/arm-gnu-toolchain/bin/../lib/gcc/arm-none-eabi/6.3.1/../../../../arm-none-eabi/lib/thumb/v7-m\libc.a(lib_a-init.o)
 .debug_frame   0x000006e8       0x5c c:/program files (x86)/atmel/studio/7.0/toolchain/arm/arm-gnu-toolchain/bin/../lib/gcc/arm-none-eabi/6.3.1/../../../../arm-none-eabi/lib/thumb/v7-m\libc.a(lib_a-__call_atexit.o)
 .debug_frame   0x00000744       0x20 c:/program files (x86)/atmel/studio/7.0/toolchain/arm/arm-gnu-toolchain/bin/../lib/gcc/arm-none-eabi/6.3.1/../../../../arm-none-eabi/lib/thumb/v7-m\libc.a(lib_a-atexit.o)
 .debug_frame   0x00000764       0x34 c:/program files (x86)/atmel/studio/7.0/toolchain/arm/arm-gnu-toolchain/bin/../lib/gcc/arm-none-eabi/6.3.1/../../../../arm-none-eabi/lib/thumb/v7-m\libc.a(lib_a-fini.o)
 .debug_frame   0x00000798       0xb0 c:/program files (x86)/atmel/studio/7.0/toolchain/arm/arm-gnu-toolchain/bin/../lib/gcc/arm-none-eabi/6.3.1/../../../../arm-none-eabi/lib/thumb/v7-m\libc.a(lib_a-lock.o)
 .debug_frame   0x00000848       0x34 c:/program files (x86)/atmel/studio/7.0/toolchain/arm/arm-gnu-toolchain/bin/../lib/gcc/arm-none-eabi/6.3.1/../../../../arm-none-eabi/lib/thumb/v7-m\libc.a(lib_a-__atexit.o)

.debug_loc      0x00000000     0x108d
 .debug_loc     0x00000000      0x2b5 can_node_2/can_controller.o
 .debug_loc     0x000002b5       0x9e can_node_2/can_interrupt.o
 .debug_loc     0x00000353       0x78 Device_Startup/startup_sam3xa.o
 .debug_loc     0x000003cb       0x20 main.o
 .debug_loc     0x000003eb      0x159 motor/motor_controller.o
 .debug_loc     0x00000544       0x9e pid/pid.o
 .debug_loc     0x000005e2       0x21 Servo_and _IR/PWM.o
 .debug_loc     0x00000603       0x98 Servo_and _IR/servoControl.o
 .debug_loc     0x0000069b       0x52 timer/timer.o
 .debug_loc     0x000006ed      0x8d2 uart_and_printf/printf-stdarg.o
 .debug_loc     0x00000fbf       0xce uart_and_printf/uart.o
